// Jest Snapshot v1, https://goo.gl/fbAQLP

exports[`<WelcomePage /> renders well in basic mode 1`] = `
<Placeholder
  orientation="row"
>
  <Placeholder
    orientation="row"
  >
    Header bar
  </Placeholder>
  <Placeholder
    orientation="row"
  >
    Content Area - Vector component
    <Placeholder
      orientation="row"
    >
      Title text
    </Placeholder>
    <Placeholder
      orientation="row"
    >
      Header text
    </Placeholder>
  </Placeholder>
  <Placeholder
    orientation="row"
  >
    Rectangular button
  </Placeholder>
</Placeholder>
`;
