// Jest Snapshot v1, https://goo.gl/fbAQLP

exports[`<StampsTile /> renders well in basic mode 1`] = `
<Placeholder
  orientation="row"
>
  Unlocked stamps open
  <RewardTileHeader />
  <Placeholder
    orientation="row"
  >
    White container
    <Placeholder
      orientation="row"
    >
      Radio boxes container
      <Placeholder
        orientation="row"
      >
        Radio boxes up
        <Icon />
        <Icon />
        <Icon />
        <Icon />
        <Icon />
        <Icon />
        <Icon />
        <Icon />
      </Placeholder>
      <Placeholder
        orientation="row"
      >
        Radio boxes down
        <Icon />
        <Icon />
        <Icon />
        <Icon />
        <Icon />
        <Icon />
        <Icon />
      </Placeholder>
    </Placeholder>
    <RectangularButton />
    <RectangularButton />
  </Placeholder>
</Placeholder>
`;
