// Jest Snapshot v1, https://goo.gl/fbAQLP

exports[`<OfferTile /> renders well in basic mode 1`] = `
<Placeholder
  orientation="row"
>
  UnlockedReward
  <RewardTileHeader />
  <Placeholder
    orientation="row"
  >
    Rectangle with white background
    <HeaderText />
    <RectangularButton />
  </Placeholder>
</Placeholder>
`;
